2026-10-09 07:11:29,012 INFO o.a.j.u.JMeterUtils: Setting Locale to en_EN
2026-10-09 07:11:29,018 INFO o.a.j.JMeter: Loading user properties from: /home/trepid4tion/apache-jmeter-5.6.3/bin/user.properties
2026-10-09 07:11:29,018 INFO o.a.j.JMeter: Loading system properties from: /home/trepid4tion/apache-jmeter-5.6.3/bin/system.properties
2026-10-09 07:11:29,018 INFO o.a.j.JMeter: Setting JMeter property: host=localhost
2026-10-09 07:11:29,019 INFO o.a.j.JMeter: Setting JMeter property: port=3200
2026-10-09 07:11:29,019 INFO o.a.j.JMeter: Setting JMeter property: threads=200
2026-10-09 07:11:29,019 INFO o.a.j.JMeter: Setting JMeter property: loops=50
2026-10-09 07:11:29,019 INFO o.a.j.JMeter: Setting JMeter property: ramp=20
2026-10-09 07:11:29,021 INFO o.a.j.JMeter: Copyright (c) 1998-2024 The Apache Software Foundation
2026-10-09 07:11:29,021 INFO o.a.j.JMeter: Version 5.6.3
2026-10-09 07:11:29,021 INFO o.a.j.JMeter: java.version=17.0.20.1
2026-10-09 07:11:29,021 INFO o.a.j.JMeter: java.vm.name=OpenJDK 64-Bit Server VM
2026-10-09 07:11:29,021 INFO o.a.j.JMeter: os.name=Linux
2026-10-09 07:11:29,021 INFO o.a.j.JMeter: os.arch=amd64
2026-10-09 07:11:29,021 INFO o.a.j.JMeter: os.version=7.2.8-1-cachyos
2026-10-09 07:11:29,021 INFO o.a.j.JMeter: file.encoding=UTF-8
2026-10-09 07:11:29,021 INFO o.a.j.JMeter: java.awt.headless=true
2026-10-09 07:11:29,021 INFO o.a.j.JMeter: Max memory     =1073741824
2026-10-09 07:11:29,021 INFO o.a.j.JMeter: Available Processors =28
2026-10-09 07:11:29,025 INFO o.a.j.JMeter: Default Locale=English (EN)
2026-10-09 07:11:29,025 INFO o.a.j.JMeter: JMeter  Locale=English (EN)
2026-10-09 07:11:29,025 INFO o.a.j.JMeter: JMeterHome=/home/trepid4tion/apache-jmeter-5.6.3
2026-10-09 07:11:29,025 INFO o.a.j.JMeter: user.dir  =/home/trepid4tion/git/StudyMateCampus_/CSE3CWA/CSE3CWA_Phonem_Trainer/jmeter
2026-10-09 07:11:29,025 INFO o.a.j.JMeter: PWD       =/home/trepid4tion/git/StudyMateCampus_/CSE3CWA/CSE3CWA_Phonem_Trainer/jmeter
2026-10-09 07:11:29,026 INFO o.a.j.JMeter: IP: 127.0.1.1 Name: Aramaki FullName: Aramaki
2026-10-09 07:11:29,030 INFO o.a.j.JMeter: Setting property 'jmeter.reportgenerator.outputdir' to:'/home/trepid4tion/git/StudyMateCampus_/CSE3CWA/CSE3CWA_Phonem_Trainer/jmeter/results/x10000-report'
2026-10-09 07:11:29,031 INFO o.a.j.s.FileServer: Default base='/home/trepid4tion/git/StudyMateCampus_/CSE3CWA/CSE3CWA_Phonem_Trainer/jmeter'
2026-10-09 07:11:29,032 INFO o.a.j.s.FileServer: Set new base='/home/trepid4tion/git/StudyMateCampus_/CSE3CWA/CSE3CWA_Phonem_Trainer/jmeter'
2026-10-09 07:11:29,103 INFO o.a.j.s.SaveService: Testplan (JMX) version: 2.2. Testlog (JTL) version: 2.2
2026-10-09 07:11:29,112 INFO o.a.j.s.SaveService: Using SaveService properties version 5.0
2026-10-09 07:11:29,114 INFO o.a.j.s.SaveService: Using SaveService properties file encoding UTF-8
2026-10-09 07:11:29,115 INFO o.a.j.s.SaveService: Loading file: phoneme-builder.jmx
2026-10-09 07:11:29,136 INFO o.a.j.p.h.s.HTTPSamplerBase: Parser for text/html is org.apache.jmeter.protocol.http.parser.LagartoBasedHtmlParser
2026-10-09 07:11:29,136 INFO o.a.j.p.h.s.HTTPSamplerBase: Parser for application/xhtml+xml is org.apache.jmeter.protocol.http.parser.LagartoBasedHtmlParser
2026-10-09 07:11:29,136 INFO o.a.j.p.h.s.HTTPSamplerBase: Parser for application/xml is org.apache.jmeter.protocol.http.parser.LagartoBasedHtmlParser
2026-10-09 07:11:29,136 INFO o.a.j.p.h.s.HTTPSamplerBase: Parser for text/xml is org.apache.jmeter.protocol.http.parser.LagartoBasedHtmlParser
2026-10-09 07:11:29,136 INFO o.a.j.p.h.s.HTTPSamplerBase: Parser for text/vnd.wap.wml is org.apache.jmeter.protocol.http.parser.RegexpHTMLParser
2026-10-09 07:11:29,136 INFO o.a.j.p.h.s.HTTPSamplerBase: Parser for text/css is org.apache.jmeter.protocol.http.parser.CssParser
2026-10-09 07:11:29,147 INFO o.a.j.JMeter: Creating summariser <summary>
2026-10-09 07:11:29,151 INFO o.a.j.r.d.ReportGenerator: ReportGenerator will use for Parsing the separator: ','
2026-10-09 07:11:29,151 INFO o.a.j.r.d.ReportGenerator: Will generate report at end of test from  results file: results/x10000.jtl
2026-10-09 07:11:29,151 INFO o.a.j.r.d.ReportGenerator: Reading report generator properties from: /home/trepid4tion/apache-jmeter-5.6.3/bin/reportgenerator.properties
2026-10-09 07:11:29,151 INFO o.a.j.r.d.ReportGenerator: Merging with JMeter properties
2026-10-09 07:11:29,152 INFO o.a.j.r.c.ReportGeneratorConfiguration: Property 'jmeter.reportgenerator.temp_dir' not found, using default value 'temp' instead.
2026-10-09 07:11:29,153 INFO o.a.j.r.c.ReportGeneratorConfiguration: Property 'jmeter.reportgenerator.apdex_per_transaction' not found, using default value 'null' instead.
2026-10-09 07:11:29,153 INFO o.a.j.r.c.ReportGeneratorConfiguration: apdex_per_transaction is empty, not APDEX per transaction customization
2026-10-09 07:11:29,153 INFO o.a.j.r.c.ReportGeneratorConfiguration: Property 'jmeter.reportgenerator.sample_filter' not found, using default value 'null' instead.
2026-10-09 07:11:29,153 INFO o.a.j.r.c.ReportGeneratorConfiguration: Property 'jmeter.reportgenerator.report_title' not found, using default value 'null' instead.
2026-10-09 07:11:29,153 INFO o.a.j.r.c.ReportGeneratorConfiguration: Property 'jmeter.reportgenerator.start_date' not found, using default value 'null' instead.
2026-10-09 07:11:29,153 INFO o.a.j.r.c.ReportGeneratorConfiguration: Property 'jmeter.reportgenerator.end_date' not found, using default value 'null' instead.
2026-10-09 07:11:29,153 INFO o.a.j.r.c.ReportGeneratorConfiguration: Property 'jmeter.reportgenerator.date_format' not found, using default value 'null' instead.
2026-10-09 07:11:29,154 INFO o.a.j.r.c.ReportGeneratorConfiguration: Will use date range start date: null, end date: null
2026-10-09 07:11:29,155 INFO o.a.j.r.c.ReportGeneratorConfiguration: Property 'jmeter.reportgenerator.graph.totalTPS.exclude_controllers' not found, using default value 'false' instead.
2026-10-09 07:11:29,155 INFO o.a.j.r.c.ReportGeneratorConfiguration: Property 'jmeter.reportgenerator.graph.activeThreadsOverTime.exclude_controllers' not found, using default value 'false' instead.
2026-10-09 07:11:29,155 INFO o.a.j.r.c.ReportGeneratorConfiguration: Property 'jmeter.reportgenerator.graph.timeVsThreads.exclude_controllers' not found, using default value 'false' instead.
2026-10-09 07:11:29,155 INFO o.a.j.r.c.ReportGeneratorConfiguration: Property 'jmeter.reportgenerator.graph.responseTimeDistribution.exclude_controllers' not found, using default value 'false' instead.
2026-10-09 07:11:29,155 INFO o.a.j.r.c.ReportGeneratorConfiguration: Property 'jmeter.reportgenerator.graph.transactionsPerSecond.exclude_controllers' not found, using default value 'false' instead.
2026-10-09 07:11:29,155 INFO o.a.j.r.c.ReportGeneratorConfiguration: Property 'jmeter.reportgenerator.graph.responseTimePercentiles.exclude_controllers' not found, using default value 'false' instead.
2026-10-09 07:11:29,155 INFO o.a.j.r.c.ReportGeneratorConfiguration: Property 'jmeter.reportgenerator.graph.responseTimePercentilesOverTime.exclude_controllers' not found, using default value 'false' instead.
2026-10-09 07:11:29,155 INFO o.a.j.r.c.ReportGeneratorConfiguration: Property 'jmeter.reportgenerator.graph.responseTimesOverTime.exclude_controllers' not found, using default value 'false' instead.
2026-10-09 07:11:29,156 INFO o.a.j.r.c.ReportGeneratorConfiguration: Property 'jmeter.reportgenerator.graph.connectTimeOverTime.exclude_controllers' not found, using default value 'false' instead.
2026-10-09 07:11:29,156 INFO o.a.j.r.c.ReportGeneratorConfiguration: Property 'jmeter.reportgenerator.graph.latenciesOverTime.exclude_controllers' not found, using default value 'false' instead.
2026-10-09 07:11:29,156 INFO o.a.j.r.c.ReportGeneratorConfiguration: Property 'jmeter.reportgenerator.exporter.json.filters_only_sample_series' not found, using default value 'true' instead.
2026-10-09 07:11:29,156 INFO o.a.j.r.c.ReportGeneratorConfiguration: Property 'jmeter.reportgenerator.exporter.json.series_filter' not found, using default value '' instead.
2026-10-09 07:11:29,156 INFO o.a.j.r.c.ReportGeneratorConfiguration: Property 'jmeter.reportgenerator.exporter.json.show_controllers_only' not found, using default value 'false' instead.
2026-10-09 07:11:29,156 INFO o.a.j.r.c.ReportGeneratorConfiguration: Property 'jmeter.reportgenerator.exporter.html.filters_only_sample_series' not found, using default value 'true' instead.
2026-10-09 07:11:29,156 INFO o.a.j.r.c.ReportGeneratorConfiguration: Property 'jmeter.reportgenerator.exporter.html.series_filter' not found, using default value '' instead.
2026-10-09 07:11:29,156 INFO o.a.j.r.c.ReportGeneratorConfiguration: Property 'jmeter.reportgenerator.exporter.html.show_controllers_only' not found, using default value 'false' instead.
2026-10-09 07:11:29,161 INFO o.a.j.e.StandardJMeterEngine: Running the test!
2026-10-09 07:11:29,161 INFO o.a.j.s.SampleEvent: List of sample_variables: []
2026-10-09 07:11:29,162 INFO o.a.j.s.SampleEvent: List of sample_variables: []
2026-10-09 07:11:29,165 INFO o.a.j.e.u.CompoundVariable: Note: Function class names must contain the string: '.functions.'
2026-10-09 07:11:29,165 INFO o.a.j.e.u.CompoundVariable: Note: Function class names must not contain the string: '.gui.'
2026-10-09 07:11:29,194 INFO o.a.j.JMeter: Running test (1791493889194)
2026-10-09 07:11:29,204 INFO o.a.j.e.StandardJMeterEngine: Starting ThreadGroup: 1 : Teacher session
2026-10-09 07:11:29,204 INFO o.a.j.e.StandardJMeterEngine: Starting 200 threads for group Teacher session.
2026-10-09 07:11:29,204 INFO o.a.j.e.StandardJMeterEngine: Thread will continue on error
2026-10-09 07:11:29,205 INFO o.a.j.t.ThreadGroup: Starting thread group... number=1 threads=200 ramp-up=20 delayedStart=false
2026-10-09 07:11:29,209 INFO o.a.j.t.JMeterThread: Thread started: Teacher session 1-1
2026-10-09 07:11:29,221 INFO o.a.j.p.h.s.HTTPHCAbstractImpl: Local host = Aramaki
2026-10-09 07:11:29,225 INFO o.a.j.p.h.s.HTTPHC4Impl: HTTP request retry count = 0
2026-10-09 07:11:29,226 INFO o.a.j.s.SampleResult: Note: Sample TimeStamps are START times
2026-10-09 07:11:29,226 INFO o.a.j.s.SampleResult: sampleresult.default.encoding is set to UTF-8
2026-10-09 07:11:29,226 INFO o.a.j.s.SampleResult: sampleresult.useNanoTime=true
2026-10-09 07:11:29,226 INFO o.a.j.s.SampleResult: sampleresult.nanoThreadSleep=5000
2026-10-09 07:11:29,252 INFO o.a.j.t.ThreadGroup: Started thread group number 1
2026-10-09 07:11:29,252 INFO o.a.j.e.StandardJMeterEngine: All thread groups have been started
2026-10-09 07:11:29,308 INFO o.a.j.t.JMeterThread: Thread started: Teacher session 1-2
2026-10-09 07:11:29,407 INFO o.a.j.t.JMeterThread: Thread started: Teacher session 1-3
2026-10-09 07:11:29,507 INFO o.a.j.t.JMeterThread: Thread started: Teacher session 1-4
2026-10-09 07:11:29,606 INFO o.a.j.t.JMeterThread: Thread started: Teacher session 1-5
2026-10-09 07:11:29,706 INFO o.a.j.t.JMeterThread: Thread started: Teacher session 1-6
2026-10-09 07:11:29,806 INFO o.a.j.t.JMeterThread: Thread started: Teacher session 1-7
2026-10-09 07:11:29,906 INFO o.a.j.t.JMeterThread: Thread started: Teacher session 1-8
2026-10-09 07:11:30,000 INFO o.a.j.r.Summariser: summary +    527 in 00:00:01 =  653.8/s Avg:     6 Min:     0 Max:    26 Err:     0 (0.00%) Active: 8 Started: 8 Finished: 0
2026-10-09 07:11:30,006 INFO o.a.j.t.JMeterThread: Thread started: Teacher session 1-9
2026-10-09 07:11:30,106 INFO o.a.j.t.JMeterThread: Thread started: Teacher session 1-10
2026-10-09 07:11:30,206 INFO o.a.j.t.JMeterThread: Thread started: Teacher session 1-11
2026-10-09 07:11:30,306 INFO o.a.j.t.JMeterThread: Thread started: Teacher session 1-12
2026-10-09 07:11:30,406 INFO o.a.j.t.JMeterThread: Thread started: Teacher session 1-13
2026-10-09 07:11:30,507 INFO o.a.j.t.JMeterThread: Thread started: Teacher session 1-14
2026-10-09 07:11:30,606 INFO o.a.j.t.JMeterThread: Thread started: Teacher session 1-15
2026-10-09 07:11:30,706 INFO o.a.j.t.JMeterThread: Thread started: Teacher session 1-16
2026-10-09 07:11:30,805 INFO o.a.j.t.JMeterThread: Thread started: Teacher session 1-17
2026-10-09 07:11:30,906 INFO o.a.j.t.JMeterThread: Thread started: Teacher session 1-18
2026-10-09 07:11:31,006 INFO o.a.j.t.JMeterThread: Thread started: Teacher session 1-19
2026-10-09 07:11:31,105 INFO o.a.j.t.JMeterThread: Thread started: Teacher session 1-20
2026-10-09 07:11:31,205 INFO o.a.j.t.JMeterThread: Thread started: Teacher session 1-21
2026-10-09 07:11:31,306 INFO o.a.j.t.JMeterThread: Thread started: Teacher session 1-22
2026-10-09 07:11:31,407 INFO o.a.j.t.JMeterThread: Thread started: Teacher session 1-23
2026-10-09 07:11:31,505 INFO o.a.j.t.JMeterThread: Thread started: Teacher session 1-24
2026-10-09 07:11:31,605 INFO o.a.j.t.JMeterThread: Thread started: Teacher session 1-25
2026-10-09 07:11:31,706 INFO o.a.j.t.JMeterThread: Thread started: Teacher session 1-26
2026-10-09 07:11:31,806 INFO o.a.j.t.JMeterThread: Thread started: Teacher session 1-27
2026-10-09 07:11:31,906 INFO o.a.j.t.JMeterThread: Thread started: Teacher session 1-28
2026-10-09 07:11:32,005 INFO o.a.j.t.JMeterThread: Thread started: Teacher session 1-29
2026-10-09 07:11:32,105 INFO o.a.j.t.JMeterThread: Thread started: Teacher session 1-30
2026-10-09 07:11:32,206 INFO o.a.j.t.JMeterThread: Thread started: Teacher session 1-31
2026-10-09 07:11:32,306 INFO o.a.j.t.JMeterThread: Thread started: Teacher session 1-32
2026-10-09 07:11:32,406 INFO o.a.j.t.JMeterThread: Thread started: Teacher session 1-33
2026-10-09 07:11:32,505 INFO o.a.j.t.JMeterThread: Thread started: Teacher session 1-34
2026-10-09 07:11:32,606 INFO o.a.j.t.JMeterThread: Thread started: Teacher session 1-35
2026-10-09 07:11:32,706 INFO o.a.j.t.JMeterThread: Thread started: Teacher session 1-36
2026-10-09 07:11:32,805 INFO o.a.j.t.JMeterThread: Thread started: Teacher session 1-37
2026-10-09 07:11:32,905 INFO o.a.j.t.JMeterThread: Thread started: Teacher session 1-38
2026-10-09 07:11:33,005 INFO o.a.j.t.JMeterThread: Thread started: Teacher session 1-39
2026-10-09 07:11:33,106 INFO o.a.j.t.JMeterThread: Thread started: Teacher session 1-40
2026-10-09 07:11:33,205 INFO o.a.j.t.JMeterThread: Thread started: Teacher session 1-41
2026-10-09 07:11:33,306 INFO o.a.j.t.JMeterThread: Thread started: Teacher session 1-42
2026-10-09 07:11:33,405 INFO o.a.j.t.JMeterThread: Thread started: Teacher session 1-43
2026-10-09 07:11:33,506 INFO o.a.j.t.JMeterThread: Thread started: Teacher session 1-44
2026-10-09 07:11:33,606 INFO o.a.j.t.JMeterThread: Thread started: Teacher session 1-45
2026-10-09 07:11:33,706 INFO o.a.j.t.JMeterThread: Thread started: Teacher session 1-46
2026-10-09 07:11:33,805 INFO o.a.j.t.JMeterThread: Thread started: Teacher session 1-47
2026-10-09 07:11:33,905 INFO o.a.j.t.JMeterThread: Thread started: Teacher session 1-48
2026-10-09 07:11:34,006 INFO o.a.j.t.JMeterThread: Thread started: Teacher session 1-49
2026-10-09 07:11:34,105 INFO o.a.j.t.JMeterThread: Thread started: Teacher session 1-50
2026-10-09 07:11:34,205 INFO o.a.j.t.JMeterThread: Thread started: Teacher session 1-51
2026-10-09 07:11:34,306 INFO o.a.j.t.JMeterThread: Thread started: Teacher session 1-52
2026-10-09 07:11:34,406 INFO o.a.j.t.JMeterThread: Thread started: Teacher session 1-53
2026-10-09 07:11:34,506 INFO o.a.j.t.JMeterThread: Thread started: Teacher session 1-54
2026-10-09 07:11:34,606 INFO o.a.j.t.JMeterThread: Thread started: Teacher session 1-55
2026-10-09 07:11:34,705 INFO o.a.j.t.JMeterThread: Thread started: Teacher session 1-56
2026-10-09 07:11:34,805 INFO o.a.j.t.JMeterThread: Thread started: Teacher session 1-57
2026-10-09 07:11:34,906 INFO o.a.j.t.JMeterThread: Thread started: Teacher session 1-58
2026-10-09 07:11:35,006 INFO o.a.j.t.JMeterThread: Thread started: Teacher session 1-59
2026-10-09 07:11:35,106 INFO o.a.j.t.JMeterThread: Thread started: Teacher session 1-60
2026-10-09 07:11:35,205 INFO o.a.j.t.JMeterThread: Thread started: Teacher session 1-61
2026-10-09 07:11:35,305 INFO o.a.j.t.JMeterThread: Thread started: Teacher session 1-62
2026-10-09 07:11:35,407 INFO o.a.j.t.JMeterThread: Thread started: Teacher session 1-63
2026-10-09 07:11:35,505 INFO o.a.j.t.JMeterThread: Thread started: Teacher session 1-64
2026-10-09 07:11:35,606 INFO o.a.j.t.JMeterThread: Thread started: Teacher session 1-65
2026-10-09 07:11:35,706 INFO o.a.j.t.JMeterThread: Thread started: Teacher session 1-66
2026-10-09 07:11:35,805 INFO o.a.j.t.JMeterThread: Thread started: Teacher session 1-67
2026-10-09 07:11:35,905 INFO o.a.j.t.JMeterThread: Thread started: Teacher session 1-68
2026-10-09 07:11:36,006 INFO o.a.j.t.JMeterThread: Thread started: Teacher session 1-69
2026-10-09 07:11:36,107 INFO o.a.j.t.JMeterThread: Thread started: Teacher session 1-70
2026-10-09 07:11:36,206 INFO o.a.j.t.JMeterThread: Thread started: Teacher session 1-71
2026-10-09 07:11:36,305 INFO o.a.j.t.JMeterThread: Thread started: Teacher session 1-72
2026-10-09 07:11:36,405 INFO o.a.j.t.JMeterThread: Thread started: Teacher session 1-73
2026-10-09 07:11:36,507 INFO o.a.j.t.JMeterThread: Thread started: Teacher session 1-74
2026-10-09 07:11:36,607 INFO o.a.j.t.JMeterThread: Thread started: Teacher session 1-75
2026-10-09 07:11:36,705 INFO o.a.j.t.JMeterThread: Thread started: Teacher session 1-76
2026-10-09 07:11:36,805 INFO o.a.j.t.JMeterThread: Thread started: Teacher session 1-77
2026-10-09 07:11:36,906 INFO o.a.j.t.JMeterThread: Thread started: Teacher session 1-78
2026-10-09 07:11:37,007 INFO o.a.j.t.JMeterThread: Thread started: Teacher session 1-79
2026-10-09 07:11:37,106 INFO o.a.j.t.JMeterThread: Thread started: Teacher session 1-80
2026-10-09 07:11:37,205 INFO o.a.j.t.JMeterThread: Thread started: Teacher session 1-81
2026-10-09 07:11:37,305 INFO o.a.j.t.JMeterThread: Thread started: Teacher session 1-82
2026-10-09 07:11:37,407 INFO o.a.j.t.JMeterThread: Thread started: Teacher session 1-83
2026-10-09 07:11:37,506 INFO o.a.j.t.JMeterThread: Thread started: Teacher session 1-84
2026-10-09 07:11:37,605 INFO o.a.j.t.JMeterThread: Thread started: Teacher session 1-85
2026-10-09 07:11:37,705 INFO o.a.j.t.JMeterThread: Thread started: Teacher session 1-86
2026-10-09 07:11:37,807 INFO o.a.j.t.JMeterThread: Thread started: Teacher session 1-87
2026-10-09 07:11:37,906 INFO o.a.j.t.JMeterThread: Thread started: Teacher session 1-88
2026-10-09 07:11:38,005 INFO o.a.j.t.JMeterThread: Thread started: Teacher session 1-89
2026-10-09 07:11:38,105 INFO o.a.j.t.JMeterThread: Thread started: Teacher session 1-90
2026-10-09 07:11:38,205 INFO o.a.j.t.JMeterThread: Thread started: Teacher session 1-91
2026-10-09 07:11:38,305 INFO o.a.j.t.JMeterThread: Thread started: Teacher session 1-92
2026-10-09 07:11:38,407 INFO o.a.j.t.JMeterThread: Thread started: Teacher session 1-93
2026-10-09 07:11:38,507 INFO o.a.j.t.JMeterThread: Thread started: Teacher session 1-94
2026-10-09 07:11:38,605 INFO o.a.j.t.JMeterThread: Thread started: Teacher session 1-95
2026-10-09 07:11:38,705 INFO o.a.j.t.JMeterThread: Thread started: Teacher session 1-96
2026-10-09 07:11:38,806 INFO o.a.j.t.JMeterThread: Thread started: Teacher session 1-97
2026-10-09 07:11:38,906 INFO o.a.j.t.JMeterThread: Thread started: Teacher session 1-98
2026-10-09 07:11:39,006 INFO o.a.j.t.JMeterThread: Thread started: Teacher session 1-99
2026-10-09 07:11:39,105 INFO o.a.j.t.JMeterThread: Thread started: Teacher session 1-100
2026-10-09 07:11:39,205 INFO o.a.j.t.JMeterThread: Thread started: Teacher session 1-101
2026-10-09 07:11:39,305 INFO o.a.j.t.JMeterThread: Thread started: Teacher session 1-102
2026-10-09 07:11:39,407 INFO o.a.j.t.JMeterThread: Thread started: Teacher session 1-103
2026-10-09 07:11:39,506 INFO o.a.j.t.JMeterThread: Thread started: Teacher session 1-104
2026-10-09 07:11:39,605 INFO o.a.j.t.JMeterThread: Thread started: Teacher session 1-105
2026-10-09 07:11:39,705 INFO o.a.j.t.JMeterThread: Thread started: Teacher session 1-106
2026-10-09 07:11:39,806 INFO o.a.j.t.JMeterThread: Thread started: Teacher session 1-107
2026-10-09 07:11:39,906 INFO o.a.j.t.JMeterThread: Thread started: Teacher session 1-108
2026-10-09 07:11:40,005 INFO o.a.j.t.JMeterThread: Thread started: Teacher session 1-109
2026-10-09 07:11:40,105 INFO o.a.j.t.JMeterThread: Thread started: Teacher session 1-110
2026-10-09 07:11:40,205 INFO o.a.j.t.JMeterThread: Thread started: Teacher session 1-111
2026-10-09 07:11:40,307 INFO o.a.j.t.JMeterThread: Thread started: Teacher session 1-112
2026-10-09 07:11:40,407 INFO o.a.j.t.JMeterThread: Thread started: Teacher session 1-113
2026-10-09 07:11:40,506 INFO o.a.j.t.JMeterThread: Thread started: Teacher session 1-114
2026-10-09 07:11:40,605 INFO o.a.j.t.JMeterThread: Thread started: Teacher session 1-115
2026-10-09 07:11:40,705 INFO o.a.j.t.JMeterThread: Thread started: Teacher session 1-116
2026-10-09 07:11:40,806 INFO o.a.j.t.JMeterThread: Thread started: Teacher session 1-117
2026-10-09 07:11:40,906 INFO o.a.j.t.JMeterThread: Thread started: Teacher session 1-118
2026-10-09 07:11:41,007 INFO o.a.j.t.JMeterThread: Thread started: Teacher session 1-119
2026-10-09 07:11:41,106 INFO o.a.j.t.JMeterThread: Thread started: Teacher session 1-120
2026-10-09 07:11:41,205 INFO o.a.j.t.JMeterThread: Thread started: Teacher session 1-121
2026-10-09 07:11:41,305 INFO o.a.j.t.JMeterThread: Thread started: Teacher session 1-122
2026-10-09 07:11:41,405 INFO o.a.j.t.JMeterThread: Thread started: Teacher session 1-123
2026-10-09 07:11:41,507 INFO o.a.j.t.JMeterThread: Thread started: Teacher session 1-124
2026-10-09 07:11:41,607 INFO o.a.j.t.JMeterThread: Thread started: Teacher session 1-125
2026-10-09 07:11:41,705 INFO o.a.j.t.JMeterThread: Thread started: Teacher session 1-126
2026-10-09 07:11:41,805 INFO o.a.j.t.JMeterThread: Thread started: Teacher session 1-127
2026-10-09 07:11:41,905 INFO o.a.j.t.JMeterThread: Thread started: Teacher session 1-128
2026-10-09 07:11:42,005 INFO o.a.j.t.JMeterThread: Thread started: Teacher session 1-129
2026-10-09 07:11:42,107 INFO o.a.j.t.JMeterThread: Thread started: Teacher session 1-130
2026-10-09 07:11:42,206 INFO o.a.j.t.JMeterThread: Thread started: Teacher session 1-131
2026-10-09 07:11:42,305 INFO o.a.j.t.JMeterThread: Thread started: Teacher session 1-132
2026-10-09 07:11:42,406 INFO o.a.j.t.JMeterThread: Thread started: Teacher session 1-133
2026-10-09 07:11:42,505 INFO o.a.j.t.JMeterThread: Thread started: Teacher session 1-134
2026-10-09 07:11:42,605 INFO o.a.j.t.JMeterThread: Thread started: Teacher session 1-135
2026-10-09 07:11:42,707 INFO o.a.j.t.JMeterThread: Thread started: Teacher session 1-136
2026-10-09 07:11:42,806 INFO o.a.j.t.JMeterThread: Thread started: Teacher session 1-137
2026-10-09 07:11:42,905 INFO o.a.j.t.JMeterThread: Thread started: Teacher session 1-138
2026-10-09 07:11:43,009 INFO o.a.j.t.JMeterThread: Thread started: Teacher session 1-139
2026-10-09 07:11:43,109 INFO o.a.j.t.JMeterThread: Thread started: Teacher session 1-140
2026-10-09 07:11:43,205 INFO o.a.j.t.JMeterThread: Thread started: Teacher session 1-141
2026-10-09 07:11:43,306 INFO o.a.j.t.JMeterThread: Thread started: Teacher session 1-142
2026-10-09 07:11:43,406 INFO o.a.j.t.JMeterThread: Thread started: Teacher session 1-143
2026-10-09 07:11:43,506 INFO o.a.j.t.JMeterThread: Thread started: Teacher session 1-144
2026-10-09 07:11:43,606 INFO o.a.j.t.JMeterThread: Thread started: Teacher session 1-145
2026-10-09 07:11:43,706 INFO o.a.j.t.JMeterThread: Thread started: Teacher session 1-146
2026-10-09 07:11:43,807 INFO o.a.j.t.JMeterThread: Thread started: Teacher session 1-147
2026-10-09 07:11:43,906 INFO o.a.j.t.JMeterThread: Thread started: Teacher session 1-148
2026-10-09 07:11:44,006 INFO o.a.j.t.JMeterThread: Thread started: Teacher session 1-149
2026-10-09 07:11:44,106 INFO o.a.j.t.JMeterThread: Thread started: Teacher session 1-150
2026-10-09 07:11:44,211 INFO o.a.j.t.JMeterThread: Thread started: Teacher session 1-151
2026-10-09 07:11:44,305 INFO o.a.j.t.JMeterThread: Thread started: Teacher session 1-152
2026-10-09 07:11:44,405 INFO o.a.j.t.JMeterThread: Thread started: Teacher session 1-153
2026-10-09 07:11:44,506 INFO o.a.j.t.JMeterThread: Thread started: Teacher session 1-154
2026-10-09 07:11:44,607 INFO o.a.j.t.JMeterThread: Thread started: Teacher session 1-155
2026-10-09 07:11:44,706 INFO o.a.j.t.JMeterThread: Thread started: Teacher session 1-156
2026-10-09 07:11:44,805 INFO o.a.j.t.JMeterThread: Thread started: Teacher session 1-157
2026-10-09 07:11:44,906 INFO o.a.j.t.JMeterThread: Thread started: Teacher session 1-158
2026-10-09 07:11:45,005 INFO o.a.j.t.JMeterThread: Thread started: Teacher session 1-159
2026-10-09 07:11:45,105 INFO o.a.j.t.JMeterThread: Thread started: Teacher session 1-160
2026-10-09 07:11:45,207 INFO o.a.j.t.JMeterThread: Thread started: Teacher session 1-161
2026-10-09 07:11:45,306 INFO o.a.j.t.JMeterThread: Thread started: Teacher session 1-162
2026-10-09 07:11:45,405 INFO o.a.j.t.JMeterThread: Thread started: Teacher session 1-163
2026-10-09 07:11:45,505 INFO o.a.j.t.JMeterThread: Thread started: Teacher session 1-164
2026-10-09 07:11:45,606 INFO o.a.j.t.JMeterThread: Thread started: Teacher session 1-165
2026-10-09 07:11:45,706 INFO o.a.j.t.JMeterThread: Thread started: Teacher session 1-166
2026-10-09 07:11:45,806 INFO o.a.j.t.JMeterThread: Thread started: Teacher session 1-167
2026-10-09 07:11:45,905 INFO o.a.j.t.JMeterThread: Thread started: Teacher session 1-168
2026-10-09 07:11:46,006 INFO o.a.j.t.JMeterThread: Thread started: Teacher session 1-169
2026-10-09 07:11:46,106 INFO o.a.j.t.JMeterThread: Thread started: Teacher session 1-170
2026-10-09 07:11:46,205 INFO o.a.j.t.JMeterThread: Thread started: Teacher session 1-171
2026-10-09 07:11:46,305 INFO o.a.j.t.JMeterThread: Thread started: Teacher session 1-172
2026-10-09 07:11:46,405 INFO o.a.j.t.JMeterThread: Thread started: Teacher session 1-173
2026-10-09 07:11:46,505 INFO o.a.j.t.JMeterThread: Thread started: Teacher session 1-174
2026-10-09 07:11:46,605 INFO o.a.j.t.JMeterThread: Thread started: Teacher session 1-175
2026-10-09 07:11:46,705 INFO o.a.j.t.JMeterThread: Thread started: Teacher session 1-176
2026-10-09 07:11:46,806 INFO o.a.j.t.JMeterThread: Thread started: Teacher session 1-177
2026-10-09 07:11:46,906 INFO o.a.j.t.JMeterThread: Thread started: Teacher session 1-178
2026-10-09 07:11:47,006 INFO o.a.j.t.JMeterThread: Thread started: Teacher session 1-179
2026-10-09 07:11:47,105 INFO o.a.j.t.JMeterThread: Thread started: Teacher session 1-180
2026-10-09 07:11:47,205 INFO o.a.j.t.JMeterThread: Thread started: Teacher session 1-181
2026-10-09 07:11:47,305 INFO o.a.j.t.JMeterThread: Thread started: Teacher session 1-182
2026-10-09 07:11:47,405 INFO o.a.j.t.JMeterThread: Thread started: Teacher session 1-183
2026-10-09 07:11:47,505 INFO o.a.j.t.JMeterThread: Thread started: Teacher session 1-184
2026-10-09 07:11:47,605 INFO o.a.j.t.JMeterThread: Thread started: Teacher session 1-185
2026-10-09 07:11:47,706 INFO o.a.j.t.JMeterThread: Thread started: Teacher session 1-186
2026-10-09 07:11:47,806 INFO o.a.j.t.JMeterThread: Thread started: Teacher session 1-187
2026-10-09 07:11:47,906 INFO o.a.j.t.JMeterThread: Thread started: Teacher session 1-188
2026-10-09 07:11:48,005 INFO o.a.j.t.JMeterThread: Thread started: Teacher session 1-189
2026-10-09 07:11:48,105 INFO o.a.j.t.JMeterThread: Thread started: Teacher session 1-190
2026-10-09 07:11:48,205 INFO o.a.j.t.JMeterThread: Thread started: Teacher session 1-191
2026-10-09 07:11:48,305 INFO o.a.j.t.JMeterThread: Thread started: Teacher session 1-192
2026-10-09 07:11:48,406 INFO o.a.j.t.JMeterThread: Thread started: Teacher session 1-193
2026-10-09 07:11:48,505 INFO o.a.j.t.JMeterThread: Thread started: Teacher session 1-194
2026-10-09 07:11:48,605 INFO o.a.j.t.JMeterThread: Thread started: Teacher session 1-195
2026-10-09 07:11:48,706 INFO o.a.j.t.JMeterThread: Thread started: Teacher session 1-196
2026-10-09 07:11:48,807 INFO o.a.j.t.JMeterThread: Thread started: Teacher session 1-197
2026-10-09 07:11:48,905 INFO o.a.j.t.JMeterThread: Thread started: Teacher session 1-198
2026-10-09 07:11:49,005 INFO o.a.j.t.JMeterThread: Thread started: Teacher session 1-199
2026-10-09 07:11:49,105 INFO o.a.j.t.JMeterThread: Thread started: Teacher session 1-200
2026-10-09 07:12:00,005 INFO o.a.j.r.Summariser: summary +  21761 in 00:00:30 =  725.2/s Avg:   183 Min:     5 Max: 10692 Err:     0 (0.00%) Active: 200 Started: 200 Finished: 0
2026-10-09 07:12:00,005 INFO o.a.j.r.Summariser: summary =  22288 in 00:00:31 =  723.4/s Avg:   179 Min:     0 Max: 10692 Err:     0 (0.00%)
2026-10-09 07:12:14,376 INFO o.a.j.t.JMeterThread: Thread is done: Teacher session 1-1
2026-10-09 07:12:14,376 INFO o.a.j.t.JMeterThread: Thread finished: Teacher session 1-1
2026-10-09 07:12:19,664 INFO o.a.j.t.JMeterThread: Thread is done: Teacher session 1-2
2026-10-09 07:12:19,664 INFO o.a.j.t.JMeterThread: Thread finished: Teacher session 1-2
2026-10-09 07:12:25,078 INFO o.a.j.t.JMeterThread: Thread is done: Teacher session 1-3
2026-10-09 07:12:25,078 INFO o.a.j.t.JMeterThread: Thread finished: Teacher session 1-3
2026-10-09 07:12:30,000 INFO o.a.j.r.Summariser: summary +  19206 in 00:00:30 =  640.3/s Avg:   312 Min:   246 Max: 11476 Err:     0 (0.00%) Active: 197 Started: 200 Finished: 3
2026-10-09 07:12:30,000 INFO o.a.j.r.Summariser: summary =  41494 in 00:01:01 =  682.4/s Avg:   241 Min:     0 Max: 11476 Err:     0 (0.00%)
2026-10-09 07:12:42,420 INFO o.a.j.t.JMeterThread: Thread is done: Teacher session 1-5
2026-10-09 07:12:42,420 INFO o.a.j.t.JMeterThread: Thread finished: Teacher session 1-5
2026-10-09 07:12:43,222 INFO o.a.j.t.JMeterThread: Thread is done: Teacher session 1-4
2026-10-09 07:12:43,222 INFO o.a.j.t.JMeterThread: Thread finished: Teacher session 1-4
2026-10-09 07:12:45,436 INFO o.a.j.t.JMeterThread: Thread is done: Teacher session 1-6
2026-10-09 07:12:45,437 INFO o.a.j.t.JMeterThread: Thread finished: Teacher session 1-6
2026-10-09 07:12:48,803 INFO o.a.j.t.JMeterThread: Thread is done: Teacher session 1-7
2026-10-09 07:12:48,803 INFO o.a.j.t.JMeterThread: Thread finished: Teacher session 1-7
2026-10-09 07:12:52,225 INFO o.a.j.t.JMeterThread: Thread is done: Teacher session 1-9
2026-10-09 07:12:52,225 INFO o.a.j.t.JMeterThread: Thread finished: Teacher session 1-9
2026-10-09 07:12:54,109 INFO o.a.j.t.JMeterThread: Thread is done: Teacher session 1-10
2026-10-09 07:12:54,110 INFO o.a.j.t.JMeterThread: Thread finished: Teacher session 1-10
2026-10-09 07:12:54,447 INFO o.a.j.t.JMeterThread: Thread is done: Teacher session 1-8
2026-10-09 07:12:54,448 INFO o.a.j.t.JMeterThread: Thread finished: Teacher session 1-8
2026-10-09 07:12:56,158 INFO o.a.j.t.JMeterThread: Thread is done: Teacher session 1-11
2026-10-09 07:12:56,158 INFO o.a.j.t.JMeterThread: Thread finished: Teacher session 1-11
2026-10-09 07:12:57,624 INFO o.a.j.t.JMeterThread: Thread is done: Teacher session 1-12
2026-10-09 07:12:57,624 INFO o.a.j.t.JMeterThread: Thread finished: Teacher session 1-12
2026-10-09 07:13:00,001 INFO o.a.j.r.Summariser: summary +  17155 in 00:00:30 =  571.8/s Avg:   297 Min:   109 Max: 16285 Err:     0 (0.00%) Active: 188 Started: 200 Finished: 12
2026-10-09 07:13:00,001 INFO o.a.j.r.Summariser: summary =  58649 in 00:01:31 =  645.9/s Avg:   257 Min:     0 Max: 16285 Err:     0 (0.00%)
2026-10-09 07:13:01,545 INFO o.a.j.t.JMeterThread: Thread is done: Teacher session 1-14
2026-10-09 07:13:01,545 INFO o.a.j.t.JMeterThread: Thread finished: Teacher session 1-14
2026-10-09 07:13:02,801 INFO o.a.j.t.JMeterThread: Thread is done: Teacher session 1-13
2026-10-09 07:13:02,801 INFO o.a.j.t.JMeterThread: Thread finished: Teacher session 1-13
2026-10-09 07:13:03,077 INFO o.a.j.t.JMeterThread: Thread is done: Teacher session 1-15
2026-10-09 07:13:03,077 INFO o.a.j.t.JMeterThread: Thread finished: Teacher session 1-15
2026-10-09 07:13:04,950 INFO o.a.j.t.JMeterThread: Thread is done: Teacher session 1-16
2026-10-09 07:13:04,950 INFO o.a.j.t.JMeterThread: Thread finished: Teacher session 1-16
2026-10-09 07:13:08,181 INFO o.a.j.t.JMeterThread: Thread is done: Teacher session 1-17
2026-10-09 07:13:08,181 INFO o.a.j.t.JMeterThread: Thread finished: Teacher session 1-17
2026-10-09 07:13:08,496 INFO o.a.j.t.JMeterThread: Thread is done: Teacher session 1-18
2026-10-09 07:13:08,496 INFO o.a.j.t.JMeterThread: Thread finished: Teacher session 1-18
2026-10-09 07:13:11,641 INFO o.a.j.t.JMeterThread: Thread is done: Teacher session 1-20
2026-10-09 07:13:11,641 INFO o.a.j.t.JMeterThread: Thread finished: Teacher session 1-20
2026-10-09 07:13:13,334 INFO o.a.j.t.JMeterThread: Thread is done: Teacher session 1-21
2026-10-09 07:13:13,334 INFO o.a.j.t.JMeterThread: Thread finished: Teacher session 1-21
2026-10-09 07:13:14,270 INFO o.a.j.t.JMeterThread: Thread is done: Teacher session 1-19
2026-10-09 07:13:14,270 INFO o.a.j.t.JMeterThread: Thread finished: Teacher session 1-19
2026-10-09 07:13:14,648 INFO o.a.j.t.JMeterThread: Thread is done: Teacher session 1-22
2026-10-09 07:13:14,648 INFO o.a.j.t.JMeterThread: Thread finished: Teacher session 1-22
2026-10-09 07:13:16,781 INFO o.a.j.t.JMeterThread: Thread is done: Teacher session 1-23
2026-10-09 07:13:16,781 INFO o.a.j.t.JMeterThread: Thread finished: Teacher session 1-23
2026-10-09 07:13:17,760 INFO o.a.j.t.JMeterThread: Thread is done: Teacher session 1-24
2026-10-09 07:13:17,761 INFO o.a.j.t.JMeterThread: Thread finished: Teacher session 1-24
2026-10-09 07:13:19,196 INFO o.a.j.t.JMeterThread: Thread is done: Teacher session 1-25
2026-10-09 07:13:19,196 INFO o.a.j.t.JMeterThread: Thread finished: Teacher session 1-25
2026-10-09 07:13:20,572 INFO o.a.j.t.JMeterThread: Thread is done: Teacher session 1-26
2026-10-09 07:13:20,572 INFO o.a.j.t.JMeterThread: Thread finished: Teacher session 1-26
2026-10-09 07:13:23,019 INFO o.a.j.t.JMeterThread: Thread is done: Teacher session 1-28
2026-10-09 07:13:23,019 INFO o.a.j.t.JMeterThread: Thread finished: Teacher session 1-28
2026-10-09 07:13:23,019 INFO o.a.j.t.JMeterThread: Thread is done: Teacher session 1-27
2026-10-09 07:13:23,019 INFO o.a.j.t.JMeterThread: Thread finished: Teacher session 1-27
2026-10-09 07:13:25,781 INFO o.a.j.t.JMeterThread: Thread is done: Teacher session 1-30
2026-10-09 07:13:25,781 INFO o.a.j.t.JMeterThread: Thread finished: Teacher session 1-30
2026-10-09 07:13:26,165 INFO o.a.j.t.JMeterThread: Thread is done: Teacher session 1-29
2026-10-09 07:13:26,165 INFO o.a.j.t.JMeterThread: Thread finished: Teacher session 1-29
2026-10-09 07:13:27,213 INFO o.a.j.t.JMeterThread: Thread is done: Teacher session 1-31
2026-10-09 07:13:27,213 INFO o.a.j.t.JMeterThread: Thread finished: Teacher session 1-31
2026-10-09 07:13:27,888 INFO o.a.j.t.JMeterThread: Thread is done: Teacher session 1-32
2026-10-09 07:13:27,888 INFO o.a.j.t.JMeterThread: Thread finished: Teacher session 1-32
2026-10-09 07:13:29,607 INFO o.a.j.t.JMeterThread: Thread is done: Teacher session 1-33
2026-10-09 07:13:29,607 INFO o.a.j.t.JMeterThread: Thread finished: Teacher session 1-33
2026-10-09 07:13:30,001 INFO o.a.j.r.Summariser: summary +  15321 in 00:00:30 =  510.7/s Avg:   396 Min:   191 Max: 27243 Err:     0 (0.00%) Active: 167 Started: 200 Finished: 33
2026-10-09 07:13:30,001 INFO o.a.j.r.Summariser: summary =  73970 in 00:02:01 =  612.3/s Avg:   286 Min:     0 Max: 27243 Err:     0 (0.00%)
2026-10-09 07:13:30,965 INFO o.a.j.t.JMeterThread: Thread is done: Teacher session 1-35
2026-10-09 07:13:30,965 INFO o.a.j.t.JMeterThread: Thread finished: Teacher session 1-35
2026-10-09 07:13:31,314 INFO o.a.j.t.JMeterThread: Thread is done: Teacher session 1-34
2026-10-09 07:13:31,314 INFO o.a.j.t.JMeterThread: Thread finished: Teacher session 1-34
2026-10-09 07:13:32,312 INFO o.a.j.t.JMeterThread: Thread is done: Teacher session 1-36
2026-10-09 07:13:32,312 INFO o.a.j.t.JMeterThread: Thread finished: Teacher session 1-36
2026-10-09 07:13:34,619 INFO o.a.j.t.JMeterThread: Thread is done: Teacher session 1-38
2026-10-09 07:13:34,619 INFO o.a.j.t.JMeterThread: Thread finished: Teacher session 1-38
2026-10-09 07:13:36,398 INFO o.a.j.t.JMeterThread: Thread is done: Teacher session 1-39
2026-10-09 07:13:36,398 INFO o.a.j.t.JMeterThread: Thread finished: Teacher session 1-39
2026-10-09 07:13:37,232 INFO o.a.j.t.JMeterThread: Thread is done: Teacher session 1-37
2026-10-09 07:13:37,232 INFO o.a.j.t.JMeterThread: Thread finished: Teacher session 1-37
2026-10-09 07:13:37,542 INFO o.a.j.t.JMeterThread: Thread is done: Teacher session 1-40
2026-10-09 07:13:37,542 INFO o.a.j.t.JMeterThread: Thread finished: Teacher session 1-40
2026-10-09 07:13:38,799 INFO o.a.j.t.JMeterThread: Thread is done: Teacher session 1-41
2026-10-09 07:13:38,799 INFO o.a.j.t.JMeterThread: Thread finished: Teacher session 1-41
2026-10-09 07:13:39,046 INFO o.a.j.t.JMeterThread: Thread is done: Teacher session 1-42
2026-10-09 07:13:39,046 INFO o.a.j.t.JMeterThread: Thread finished: Teacher session 1-42
2026-10-09 07:13:40,238 INFO o.a.j.t.JMeterThread: Thread is done: Teacher session 1-43
2026-10-09 07:13:40,238 INFO o.a.j.t.JMeterThread: Thread finished: Teacher session 1-43
2026-10-09 07:13:40,528 INFO o.a.j.t.JMeterThread: Thread is done: Teacher session 1-44
2026-10-09 07:13:40,528 INFO o.a.j.t.JMeterThread: Thread finished: Teacher session 1-44
2026-10-09 07:13:41,584 INFO o.a.j.t.JMeterThread: Thread is done: Teacher session 1-46
2026-10-09 07:13:41,584 INFO o.a.j.t.JMeterThread: Thread finished: Teacher session 1-46
2026-10-09 07:13:41,969 INFO o.a.j.t.JMeterThread: Thread is done: Teacher session 1-45
2026-10-09 07:13:41,969 INFO o.a.j.t.JMeterThread: Thread finished: Teacher session 1-45
2026-10-09 07:13:42,388 INFO o.a.j.t.JMeterThread: Thread is done: Teacher session 1-47
2026-10-09 07:13:42,388 INFO o.a.j.t.JMeterThread: Thread finished: Teacher session 1-47
2026-10-09 07:13:43,340 INFO o.a.j.t.JMeterThread: Thread is done: Teacher session 1-48
2026-10-09 07:13:43,340 INFO o.a.j.t.JMeterThread: Thread finished: Teacher session 1-48
2026-10-09 07:13:43,738 INFO o.a.j.t.JMeterThread: Thread is done: Teacher session 1-50
2026-10-09 07:13:43,738 INFO o.a.j.t.JMeterThread: Thread finished: Teacher session 1-50
2026-10-09 07:13:44,060 INFO o.a.j.t.JMeterThread: Thread is done: Teacher session 1-49
2026-10-09 07:13:44,060 INFO o.a.j.t.JMeterThread: Thread finished: Teacher session 1-49
2026-10-09 07:13:44,726 INFO o.a.j.t.JMeterThread: Thread is done: Teacher session 1-51
2026-10-09 07:13:44,726 INFO o.a.j.t.JMeterThread: Thread finished: Teacher session 1-51
2026-10-09 07:13:45,411 INFO o.a.j.t.JMeterThread: Thread is done: Teacher session 1-52
2026-10-09 07:13:45,411 INFO o.a.j.t.JMeterThread: Thread finished: Teacher session 1-52
2026-10-09 07:13:45,864 INFO o.a.j.t.JMeterThread: Thread is done: Teacher session 1-53
2026-10-09 07:13:45,864 INFO o.a.j.t.JMeterThread: Thread finished: Teacher session 1-53
2026-10-09 07:13:45,864 INFO o.a.j.t.JMeterThread: Thread is done: Teacher session 1-54
2026-10-09 07:13:45,864 INFO o.a.j.t.JMeterThread: Thread finished: Teacher session 1-54
2026-10-09 07:13:46,632 INFO o.a.j.t.JMeterThread: Thread is done: Teacher session 1-55
2026-10-09 07:13:46,632 INFO o.a.j.t.JMeterThread: Thread finished: Teacher session 1-55
2026-10-09 07:13:46,882 INFO o.a.j.t.JMeterThread: Thread is done: Teacher session 1-56
2026-10-09 07:13:46,882 INFO o.a.j.t.JMeterThread: Thread finished: Teacher session 1-56
2026-10-09 07:13:47,415 INFO o.a.j.t.JMeterThread: Thread is done: Teacher session 1-57
2026-10-09 07:13:47,415 INFO o.a.j.t.JMeterThread: Thread finished: Teacher session 1-57
2026-10-09 07:13:47,535 INFO o.a.j.t.JMeterThread: Thread is done: Teacher session 1-58
2026-10-09 07:13:47,535 INFO o.a.j.t.JMeterThread: Thread finished: Teacher session 1-58
2026-10-09 07:13:47,849 INFO o.a.j.t.JMeterThread: Thread is done: Teacher session 1-59
2026-10-09 07:13:47,849 INFO o.a.j.t.JMeterThread: Thread finished: Teacher session 1-59
2026-10-09 07:13:48,424 INFO o.a.j.t.JMeterThread: Thread is done: Teacher session 1-61
2026-10-09 07:13:48,424 INFO o.a.j.t.JMeterThread: Thread finished: Teacher session 1-61
2026-10-09 07:13:48,558 INFO o.a.j.t.JMeterThread: Thread is done: Teacher session 1-60
2026-10-09 07:13:48,558 INFO o.a.j.t.JMeterThread: Thread finished: Teacher session 1-60
2026-10-09 07:13:49,136 INFO o.a.j.t.JMeterThread: Thread is done: Teacher session 1-64
2026-10-09 07:13:49,136 INFO o.a.j.t.JMeterThread: Thread finished: Teacher session 1-64
2026-10-09 07:13:49,235 INFO o.a.j.t.JMeterThread: Thread is done: Teacher session 1-62
2026-10-09 07:13:49,235 INFO o.a.j.t.JMeterThread: Thread finished: Teacher session 1-62
2026-10-09 07:13:49,564 INFO o.a.j.t.JMeterThread: Thread is done: Teacher session 1-63
2026-10-09 07:13:49,564 INFO o.a.j.t.JMeterThread: Thread finished: Teacher session 1-63
2026-10-09 07:13:50,211 INFO o.a.j.t.JMeterThread: Thread is done: Teacher session 1-66
2026-10-09 07:13:50,211 INFO o.a.j.t.JMeterThread: Thread finished: Teacher session 1-66
2026-10-09 07:13:50,211 INFO o.a.j.t.JMeterThread: Thread is done: Teacher session 1-65
2026-10-09 07:13:50,211 INFO o.a.j.t.JMeterThread: Thread finished: Teacher session 1-65
2026-10-09 07:13:50,565 INFO o.a.j.t.JMeterThread: Thread is done: Teacher session 1-67
2026-10-09 07:13:50,565 INFO o.a.j.t.JMeterThread: Thread finished: Teacher session 1-67
2026-10-09 07:13:50,673 INFO o.a.j.t.JMeterThread: Thread is done: Teacher session 1-68
2026-10-09 07:13:50,673 INFO o.a.j.t.JMeterThread: Thread finished: Teacher session 1-68
2026-10-09 07:13:51,348 INFO o.a.j.t.JMeterThread: Thread is done: Teacher session 1-69
2026-10-09 07:13:51,348 INFO o.a.j.t.JMeterThread: Thread finished: Teacher session 1-69
2026-10-09 07:13:51,348 INFO o.a.j.t.JMeterThread: Thread is done: Teacher session 1-70
2026-10-09 07:13:51,348 INFO o.a.j.t.JMeterThread: Thread finished: Teacher session 1-70
2026-10-09 07:13:51,899 INFO o.a.j.t.JMeterThread: Thread is done: Teacher session 1-71
2026-10-09 07:13:51,899 INFO o.a.j.t.JMeterThread: Thread finished: Teacher session 1-71
2026-10-09 07:13:52,308 INFO o.a.j.t.JMeterThread: Thread is done: Teacher session 1-72
2026-10-09 07:13:52,308 INFO o.a.j.t.JMeterThread: Thread finished: Teacher session 1-72
2026-10-09 07:13:52,483 INFO o.a.j.t.JMeterThread: Thread is done: Teacher session 1-73
2026-10-09 07:13:52,483 INFO o.a.j.t.JMeterThread: Thread finished: Teacher session 1-73
2026-10-09 07:13:52,934 INFO o.a.j.t.JMeterThread: Thread is done: Teacher session 1-75
2026-10-09 07:13:52,934 INFO o.a.j.t.JMeterThread: Thread finished: Teacher session 1-75
2026-10-09 07:13:52,934 INFO o.a.j.t.JMeterThread: Thread is done: Teacher session 1-74
2026-10-09 07:13:52,934 INFO o.a.j.t.JMeterThread: Thread finished: Teacher session 1-74
2026-10-09 07:13:53,376 INFO o.a.j.t.JMeterThread: Thread is done: Teacher session 1-76
2026-10-09 07:13:53,377 INFO o.a.j.t.JMeterThread: Thread finished: Teacher session 1-76
2026-10-09 07:13:54,005 INFO o.a.j.t.JMeterThread: Thread is done: Teacher session 1-77
2026-10-09 07:13:54,005 INFO o.a.j.t.JMeterThread: Thread finished: Teacher session 1-77
2026-10-09 07:13:54,303 INFO o.a.j.t.JMeterThread: Thread is done: Teacher session 1-79
2026-10-09 07:13:54,303 INFO o.a.j.t.JMeterThread: Thread finished: Teacher session 1-79
2026-10-09 07:13:54,303 INFO o.a.j.t.JMeterThread: Thread is done: Teacher session 1-78
2026-10-09 07:13:54,303 INFO o.a.j.t.JMeterThread: Thread finished: Teacher session 1-78
2026-10-09 07:13:55,118 INFO o.a.j.t.JMeterThread: Thread is done: Teacher session 1-80
2026-10-09 07:13:55,118 INFO o.a.j.t.JMeterThread: Thread finished: Teacher session 1-80
2026-10-09 07:13:55,263 INFO o.a.j.t.JMeterThread: Thread is done: Teacher session 1-81
2026-10-09 07:13:55,263 INFO o.a.j.t.JMeterThread: Thread finished: Teacher session 1-81
2026-10-09 07:13:55,795 INFO o.a.j.t.JMeterThread: Thread is done: Teacher session 1-82
2026-10-09 07:13:55,795 INFO o.a.j.t.JMeterThread: Thread finished: Teacher session 1-82
2026-10-09 07:13:55,797 INFO o.a.j.t.JMeterThread: Thread is done: Teacher session 1-83
2026-10-09 07:13:55,797 INFO o.a.j.t.JMeterThread: Thread finished: Teacher session 1-83
2026-10-09 07:13:56,323 INFO o.a.j.t.JMeterThread: Thread is done: Teacher session 1-84
2026-10-09 07:13:56,323 INFO o.a.j.t.JMeterThread: Thread finished: Teacher session 1-84
2026-10-09 07:13:57,009 INFO o.a.j.t.JMeterThread: Thread is done: Teacher session 1-85
2026-10-09 07:13:57,009 INFO o.a.j.t.JMeterThread: Thread finished: Teacher session 1-85
2026-10-09 07:13:57,232 INFO o.a.j.t.JMeterThread: Thread is done: Teacher session 1-86
2026-10-09 07:13:57,232 INFO o.a.j.t.JMeterThread: Thread finished: Teacher session 1-86
2026-10-09 07:13:57,984 INFO o.a.j.t.JMeterThread: Thread is done: Teacher session 1-89
2026-10-09 07:13:57,985 INFO o.a.j.t.JMeterThread: Thread finished: Teacher session 1-89
2026-10-09 07:13:57,985 INFO o.a.j.t.JMeterThread: Thread is done: Teacher session 1-87
2026-10-09 07:13:57,985 INFO o.a.j.t.JMeterThread: Thread finished: Teacher session 1-87
2026-10-09 07:13:58,557 INFO o.a.j.t.JMeterThread: Thread is done: Teacher session 1-88
2026-10-09 07:13:58,557 INFO o.a.j.t.JMeterThread: Thread finished: Teacher session 1-88
2026-10-09 07:13:59,128 INFO o.a.j.t.JMeterThread: Thread is done: Teacher session 1-91
2026-10-09 07:13:59,128 INFO o.a.j.t.JMeterThread: Thread finished: Teacher session 1-91
2026-10-09 07:13:59,476 INFO o.a.j.t.JMeterThread: Thread is done: Teacher session 1-92
2026-10-09 07:13:59,476 INFO o.a.j.t.JMeterThread: Thread finished: Teacher session 1-92
2026-10-09 07:13:59,919 INFO o.a.j.t.JMeterThread: Thread is done: Teacher session 1-90
2026-10-09 07:13:59,919 INFO o.a.j.t.JMeterThread: Thread finished: Teacher session 1-90
2026-10-09 07:14:00,011 INFO o.a.j.r.Summariser: summary +  14186 in 00:00:30 =  472.7/s Avg:   291 Min:    80 Max: 12409 Err:     0 (0.00%) Active: 108 Started: 200 Finished: 92
2026-10-09 07:14:00,011 INFO o.a.j.r.Summariser: summary =  88156 in 00:02:31 =  584.5/s Avg:   287 Min:     0 Max: 27243 Err:     0 (0.00%)
2026-10-09 07:14:00,101 INFO o.a.j.t.JMeterThread: Thread is done: Teacher session 1-93
2026-10-09 07:14:00,101 INFO o.a.j.t.JMeterThread: Thread finished: Teacher session 1-93
2026-10-09 07:14:00,897 INFO o.a.j.t.JMeterThread: Thread is done: Teacher session 1-94
2026-10-09 07:14:00,897 INFO o.a.j.t.JMeterThread: Thread finished: Teacher session 1-94
2026-10-09 07:14:01,138 INFO o.a.j.t.JMeterThread: Thread is done: Teacher session 1-95
2026-10-09 07:14:01,138 INFO o.a.j.t.JMeterThread: Thread finished: Teacher session 1-95
2026-10-09 07:14:01,735 INFO o.a.j.t.JMeterThread: Thread is done: Teacher session 1-96
2026-10-09 07:14:01,735 INFO o.a.j.t.JMeterThread: Thread finished: Teacher session 1-96
2026-10-09 07:14:02,444 INFO o.a.j.t.JMeterThread: Thread is done: Teacher session 1-97
2026-10-09 07:14:02,445 INFO o.a.j.t.JMeterThread: Thread finished: Teacher session 1-97
2026-10-09 07:14:02,445 INFO o.a.j.t.JMeterThread: Thread is done: Teacher session 1-98
2026-10-09 07:14:02,445 INFO o.a.j.t.JMeterThread: Thread finished: Teacher session 1-98
2026-10-09 07:14:03,277 INFO o.a.j.t.JMeterThread: Thread is done: Teacher session 1-99
2026-10-09 07:14:03,277 INFO o.a.j.t.JMeterThread: Thread finished: Teacher session 1-99
2026-10-09 07:14:03,543 INFO o.a.j.t.JMeterThread: Thread is done: Teacher session 1-100
2026-10-09 07:14:03,543 INFO o.a.j.t.JMeterThread: Thread finished: Teacher session 1-100
2026-10-09 07:14:03,921 INFO o.a.j.t.JMeterThread: Thread is done: Teacher session 1-101
2026-10-09 07:14:03,921 INFO o.a.j.t.JMeterThread: Thread finished: Teacher session 1-101
2026-10-09 07:14:04,369 INFO o.a.j.t.JMeterThread: Thread is done: Teacher session 1-102
2026-10-09 07:14:04,369 INFO o.a.j.t.JMeterThread: Thread finished: Teacher session 1-102
2026-10-09 07:14:05,030 INFO o.a.j.t.JMeterThread: Thread is done: Teacher session 1-103
2026-10-09 07:14:05,030 INFO o.a.j.t.JMeterThread: Thread finished: Teacher session 1-103
2026-10-09 07:14:05,681 INFO o.a.j.t.JMeterThread: Thread is done: Teacher session 1-104
2026-10-09 07:14:05,681 INFO o.a.j.t.JMeterThread: Thread finished: Teacher session 1-104
2026-10-09 07:14:05,852 INFO o.a.j.t.JMeterThread: Thread is done: Teacher session 1-105
2026-10-09 07:14:05,852 INFO o.a.j.t.JMeterThread: Thread finished: Teacher session 1-105
2026-10-09 07:14:06,480 INFO o.a.j.t.JMeterThread: Thread is done: Teacher session 1-106
2026-10-09 07:14:06,480 INFO o.a.j.t.JMeterThread: Thread finished: Teacher session 1-106
2026-10-09 07:14:06,717 INFO o.a.j.t.JMeterThread: Thread is done: Teacher session 1-107
2026-10-09 07:14:06,717 INFO o.a.j.t.JMeterThread: Thread finished: Teacher session 1-107
2026-10-09 07:14:07,293 INFO o.a.j.t.JMeterThread: Thread is done: Teacher session 1-108
2026-10-09 07:14:07,294 INFO o.a.j.t.JMeterThread: Thread finished: Teacher session 1-108
2026-10-09 07:14:07,520 INFO o.a.j.t.JMeterThread: Thread is done: Teacher session 1-109
2026-10-09 07:14:07,521 INFO o.a.j.t.JMeterThread: Thread finished: Teacher session 1-109
2026-10-09 07:14:07,752 INFO o.a.j.t.JMeterThread: Thread is done: Teacher session 1-110
2026-10-09 07:14:07,752 INFO o.a.j.t.JMeterThread: Thread finished: Teacher session 1-110
2026-10-09 07:14:08,116 INFO o.a.j.t.JMeterThread: Thread is done: Teacher session 1-111
2026-10-09 07:14:08,116 INFO o.a.j.t.JMeterThread: Thread finished: Teacher session 1-111
2026-10-09 07:14:08,954 INFO o.a.j.t.JMeterThread: Thread is done: Teacher session 1-112
2026-10-09 07:14:08,954 INFO o.a.j.t.JMeterThread: Thread finished: Teacher session 1-112
2026-10-09 07:14:09,137 INFO o.a.j.t.JMeterThread: Thread is done: Teacher session 1-113
2026-10-09 07:14:09,137 INFO o.a.j.t.JMeterThread: Thread finished: Teacher session 1-113
2026-10-09 07:14:09,721 INFO o.a.j.t.JMeterThread: Thread is done: Teacher session 1-114
2026-10-09 07:14:09,721 INFO o.a.j.t.JMeterThread: Thread finished: Teacher session 1-114
2026-10-09 07:14:10,278 INFO o.a.j.t.JMeterThread: Thread is done: Teacher session 1-115
2026-10-09 07:14:10,278 INFO o.a.j.t.JMeterThread: Thread finished: Teacher session 1-115
2026-10-09 07:14:10,444 INFO o.a.j.t.JMeterThread: Thread is done: Teacher session 1-116
2026-10-09 07:14:10,444 INFO o.a.j.t.JMeterThread: Thread finished: Teacher session 1-116
2026-10-09 07:14:11,012 INFO o.a.j.t.JMeterThread: Thread is done: Teacher session 1-117
2026-10-09 07:14:11,012 INFO o.a.j.t.JMeterThread: Thread finished: Teacher session 1-117
2026-10-09 07:14:11,160 INFO o.a.j.t.JMeterThread: Thread is done: Teacher session 1-118
2026-10-09 07:14:11,160 INFO o.a.j.t.JMeterThread: Thread finished: Teacher session 1-118
2026-10-09 07:14:11,738 INFO o.a.j.t.JMeterThread: Thread is done: Teacher session 1-119
2026-10-09 07:14:11,738 INFO o.a.j.t.JMeterThread: Thread finished: Teacher session 1-119
2026-10-09 07:14:12,137 INFO o.a.j.t.JMeterThread: Thread is done: Teacher session 1-121
2026-10-09 07:14:12,137 INFO o.a.j.t.JMeterThread: Thread finished: Teacher session 1-121
2026-10-09 07:14:12,494 INFO o.a.j.t.JMeterThread: Thread is done: Teacher session 1-120
2026-10-09 07:14:12,495 INFO o.a.j.t.JMeterThread: Thread finished: Teacher session 1-120
2026-10-09 07:14:12,678 INFO o.a.j.t.JMeterThread: Thread is done: Teacher session 1-122
2026-10-09 07:14:12,678 INFO o.a.j.t.JMeterThread: Thread finished: Teacher session 1-122
2026-10-09 07:14:13,173 INFO o.a.j.t.JMeterThread: Thread is done: Teacher session 1-123
2026-10-09 07:14:13,173 INFO o.a.j.t.JMeterThread: Thread finished: Teacher session 1-123
2026-10-09 07:14:13,364 INFO o.a.j.t.JMeterThread: Thread is done: Teacher session 1-124
2026-10-09 07:14:13,364 INFO o.a.j.t.JMeterThread: Thread finished: Teacher session 1-124
2026-10-09 07:14:13,862 INFO o.a.j.t.JMeterThread: Thread is done: Teacher session 1-125
2026-10-09 07:14:13,862 INFO o.a.j.t.JMeterThread: Thread finished: Teacher session 1-125
2026-10-09 07:14:14,009 INFO o.a.j.t.JMeterThread: Thread is done: Teacher session 1-126
2026-10-09 07:14:14,009 INFO o.a.j.t.JMeterThread: Thread finished: Teacher session 1-126
2026-10-09 07:14:14,537 INFO o.a.j.t.JMeterThread: Thread is done: Teacher session 1-127
2026-10-09 07:14:14,537 INFO o.a.j.t.JMeterThread: Thread finished: Teacher session 1-127
2026-10-09 07:14:15,035 INFO o.a.j.t.JMeterThread: Thread is done: Teacher session 1-129
2026-10-09 07:14:15,035 INFO o.a.j.t.JMeterThread: Thread finished: Teacher session 1-129
2026-10-09 07:14:15,035 INFO o.a.j.t.JMeterThread: Thread is done: Teacher session 1-128
2026-10-09 07:14:15,035 INFO o.a.j.t.JMeterThread: Thread finished: Teacher session 1-128
2026-10-09 07:14:15,642 INFO o.a.j.t.JMeterThread: Thread is done: Teacher session 1-130
2026-10-09 07:14:15,642 INFO o.a.j.t.JMeterThread: Thread finished: Teacher session 1-130
2026-10-09 07:14:15,825 INFO o.a.j.t.JMeterThread: Thread is done: Teacher session 1-131
2026-10-09 07:14:15,825 INFO o.a.j.t.JMeterThread: Thread finished: Teacher session 1-131
2026-10-09 07:14:15,987 INFO o.a.j.t.JMeterThread: Thread is done: Teacher session 1-132
2026-10-09 07:14:15,987 INFO o.a.j.t.JMeterThread: Thread finished: Teacher session 1-132
2026-10-09 07:14:16,426 INFO o.a.j.t.JMeterThread: Thread is done: Teacher session 1-133
2026-10-09 07:14:16,426 INFO o.a.j.t.JMeterThread: Thread finished: Teacher session 1-133
2026-10-09 07:14:17,042 INFO o.a.j.t.JMeterThread: Thread is done: Teacher session 1-135
2026-10-09 07:14:17,042 INFO o.a.j.t.JMeterThread: Thread finished: Teacher session 1-135
2026-10-09 07:14:17,042 INFO o.a.j.t.JMeterThread: Thread is done: Teacher session 1-134
2026-10-09 07:14:17,042 INFO o.a.j.t.JMeterThread: Thread finished: Teacher session 1-134
2026-10-09 07:14:17,495 INFO o.a.j.t.JMeterThread: Thread is done: Teacher session 1-136
2026-10-09 07:14:17,495 INFO o.a.j.t.JMeterThread: Thread finished: Teacher session 1-136
2026-10-09 07:14:17,626 INFO o.a.j.t.JMeterThread: Thread is done: Teacher session 1-137
2026-10-09 07:14:17,626 INFO o.a.j.t.JMeterThread: Thread finished: Teacher session 1-137
2026-10-09 07:14:18,056 INFO o.a.j.t.JMeterThread: Thread is done: Teacher session 1-138
2026-10-09 07:14:18,056 INFO o.a.j.t.JMeterThread: Thread finished: Teacher session 1-138
2026-10-09 07:14:18,168 INFO o.a.j.t.JMeterThread: Thread is done: Teacher session 1-139
2026-10-09 07:14:18,168 INFO o.a.j.t.JMeterThread: Thread finished: Teacher session 1-139
2026-10-09 07:14:18,586 INFO o.a.j.t.JMeterThread: Thread is done: Teacher session 1-140
2026-10-09 07:14:18,586 INFO o.a.j.t.JMeterThread: Thread finished: Teacher session 1-140
2026-10-09 07:14:18,746 INFO o.a.j.t.JMeterThread: Thread is done: Teacher session 1-141
2026-10-09 07:14:18,746 INFO o.a.j.t.JMeterThread: Thread finished: Teacher session 1-141
2026-10-09 07:14:18,747 INFO o.a.j.t.JMeterThread: Thread is done: Teacher session 1-142
2026-10-09 07:14:18,747 INFO o.a.j.t.JMeterThread: Thread finished: Teacher session 1-142
2026-10-09 07:14:19,263 INFO o.a.j.t.JMeterThread: Thread is done: Teacher session 1-143
2026-10-09 07:14:19,263 INFO o.a.j.t.JMeterThread: Thread finished: Teacher session 1-143
2026-10-09 07:14:19,642 INFO o.a.j.t.JMeterThread: Thread is done: Teacher session 1-144
2026-10-09 07:14:19,642 INFO o.a.j.t.JMeterThread: Thread finished: Teacher session 1-144
2026-10-09 07:14:19,794 INFO o.a.j.t.JMeterThread: Thread is done: Teacher session 1-145
2026-10-09 07:14:19,794 INFO o.a.j.t.JMeterThread: Thread finished: Teacher session 1-145
2026-10-09 07:14:19,887 INFO o.a.j.t.JMeterThread: Thread is done: Teacher session 1-146
2026-10-09 07:14:19,887 INFO o.a.j.t.JMeterThread: Thread finished: Teacher session 1-146
2026-10-09 07:14:20,278 INFO o.a.j.t.JMeterThread: Thread is done: Teacher session 1-147
2026-10-09 07:14:20,278 INFO o.a.j.t.JMeterThread: Thread finished: Teacher session 1-147
2026-10-09 07:14:20,521 INFO o.a.j.t.JMeterThread: Thread is done: Teacher session 1-148
2026-10-09 07:14:20,521 INFO o.a.j.t.JMeterThread: Thread finished: Teacher session 1-148
2026-10-09 07:14:20,643 INFO o.a.j.t.JMeterThread: Thread is done: Teacher session 1-149
2026-10-09 07:14:20,643 INFO o.a.j.t.JMeterThread: Thread finished: Teacher session 1-149
2026-10-09 07:14:20,857 INFO o.a.j.t.JMeterThread: Thread is done: Teacher session 1-150
2026-10-09 07:14:20,857 INFO o.a.j.t.JMeterThread: Thread finished: Teacher session 1-150
2026-10-09 07:14:21,210 INFO o.a.j.t.JMeterThread: Thread is done: Teacher session 1-151
2026-10-09 07:14:21,210 INFO o.a.j.t.JMeterThread: Thread finished: Teacher session 1-151
2026-10-09 07:14:21,331 INFO o.a.j.t.JMeterThread: Thread is done: Teacher session 1-153
2026-10-09 07:14:21,331 INFO o.a.j.t.JMeterThread: Thread finished: Teacher session 1-153
2026-10-09 07:14:21,331 INFO o.a.j.t.JMeterThread: Thread is done: Teacher session 1-152
2026-10-09 07:14:21,331 INFO o.a.j.t.JMeterThread: Thread finished: Teacher session 1-152
2026-10-09 07:14:21,655 INFO o.a.j.t.JMeterThread: Thread is done: Teacher session 1-154
2026-10-09 07:14:21,655 INFO o.a.j.t.JMeterThread: Thread finished: Teacher session 1-154
2026-10-09 07:14:22,088 INFO o.a.j.t.JMeterThread: Thread is done: Teacher session 1-155
2026-10-09 07:14:22,088 INFO o.a.j.t.JMeterThread: Thread finished: Teacher session 1-155
2026-10-09 07:14:22,088 INFO o.a.j.t.JMeterThread: Thread is done: Teacher session 1-156
2026-10-09 07:14:22,088 INFO o.a.j.t.JMeterThread: Thread finished: Teacher session 1-156
2026-10-09 07:14:22,366 INFO o.a.j.t.JMeterThread: Thread is done: Teacher session 1-157
2026-10-09 07:14:22,366 INFO o.a.j.t.JMeterThread: Thread finished: Teacher session 1-157
2026-10-09 07:14:22,469 INFO o.a.j.t.JMeterThread: Thread is done: Teacher session 1-159
2026-10-09 07:14:22,469 INFO o.a.j.t.JMeterThread: Thread finished: Teacher session 1-159
2026-10-09 07:14:22,554 INFO o.a.j.t.JMeterThread: Thread is done: Teacher session 1-158
2026-10-09 07:14:22,554 INFO o.a.j.t.JMeterThread: Thread finished: Teacher session 1-158
2026-10-09 07:14:22,761 INFO o.a.j.t.JMeterThread: Thread is done: Teacher session 1-160
2026-10-09 07:14:22,761 INFO o.a.j.t.JMeterThread: Thread finished: Teacher session 1-160
2026-10-09 07:14:22,952 INFO o.a.j.t.JMeterThread: Thread is done: Teacher session 1-161
2026-10-09 07:14:22,952 INFO o.a.j.t.JMeterThread: Thread finished: Teacher session 1-161
2026-10-09 07:14:23,223 INFO o.a.j.t.JMeterThread: Thread is done: Teacher session 1-162
2026-10-09 07:14:23,223 INFO o.a.j.t.JMeterThread: Thread finished: Teacher session 1-162
2026-10-09 07:14:23,296 INFO o.a.j.t.JMeterThread: Thread is done: Teacher session 1-163
2026-10-09 07:14:23,296 INFO o.a.j.t.JMeterThread: Thread finished: Teacher session 1-163
2026-10-09 07:14:23,554 INFO o.a.j.t.JMeterThread: Thread is done: Teacher session 1-164
2026-10-09 07:14:23,554 INFO o.a.j.t.JMeterThread: Thread finished: Teacher session 1-164
2026-10-09 07:14:23,554 INFO o.a.j.t.JMeterThread: Thread is done: Teacher session 1-165
2026-10-09 07:14:23,554 INFO o.a.j.t.JMeterThread: Thread finished: Teacher session 1-165
2026-10-09 07:14:23,806 INFO o.a.j.t.JMeterThread: Thread is done: Teacher session 1-166
2026-10-09 07:14:23,806 INFO o.a.j.t.JMeterThread: Thread finished: Teacher session 1-166
2026-10-09 07:14:23,907 INFO o.a.j.t.JMeterThread: Thread is done: Teacher session 1-167
2026-10-09 07:14:23,907 INFO o.a.j.t.JMeterThread: Thread finished: Teacher session 1-167
2026-10-09 07:14:24,044 INFO o.a.j.t.JMeterThread: Thread is done: Teacher session 1-168
2026-10-09 07:14:24,044 INFO o.a.j.t.JMeterThread: Thread finished: Teacher session 1-168
2026-10-09 07:14:24,241 INFO o.a.j.t.JMeterThread: Thread is done: Teacher session 1-169
2026-10-09 07:14:24,241 INFO o.a.j.t.JMeterThread: Thread finished: Teacher session 1-169
2026-10-09 07:14:24,310 INFO o.a.j.t.JMeterThread: Thread is done: Teacher session 1-170
2026-10-09 07:14:24,311 INFO o.a.j.t.JMeterThread: Thread finished: Teacher session 1-170
2026-10-09 07:14:24,522 INFO o.a.j.t.JMeterThread: Thread is done: Teacher session 1-171
2026-10-09 07:14:24,522 INFO o.a.j.t.JMeterThread: Thread finished: Teacher session 1-171
2026-10-09 07:14:24,601 INFO o.a.j.t.JMeterThread: Thread is done: Teacher session 1-172
2026-10-09 07:14:24,601 INFO o.a.j.t.JMeterThread: Thread finished: Teacher session 1-172
2026-10-09 07:14:24,664 INFO o.a.j.t.JMeterThread: Thread is done: Teacher session 1-173
2026-10-09 07:14:24,664 INFO o.a.j.t.JMeterThread: Thread finished: Teacher session 1-173
2026-10-09 07:14:24,781 INFO o.a.j.t.JMeterThread: Thread is done: Teacher session 1-175
2026-10-09 07:14:24,781 INFO o.a.j.t.JMeterThread: Thread finished: Teacher session 1-175
2026-10-09 07:14:24,854 INFO o.a.j.t.JMeterThread: Thread is done: Teacher session 1-174
2026-10-09 07:14:24,854 INFO o.a.j.t.JMeterThread: Thread finished: Teacher session 1-174
2026-10-09 07:14:25,033 INFO o.a.j.t.JMeterThread: Thread is done: Teacher session 1-176
2026-10-09 07:14:25,033 INFO o.a.j.t.JMeterThread: Thread finished: Teacher session 1-176
2026-10-09 07:14:25,033 INFO o.a.j.t.JMeterThread: Thread is done: Teacher session 1-177
2026-10-09 07:14:25,033 INFO o.a.j.t.JMeterThread: Thread finished: Teacher session 1-177
2026-10-09 07:14:25,145 INFO o.a.j.t.JMeterThread: Thread is done: Teacher session 1-178
2026-10-09 07:14:25,145 INFO o.a.j.t.JMeterThread: Thread finished: Teacher session 1-178
2026-10-09 07:14:25,294 INFO o.a.j.t.JMeterThread: Thread is done: Teacher session 1-179
2026-10-09 07:14:25,294 INFO o.a.j.t.JMeterThread: Thread finished: Teacher session 1-179
2026-10-09 07:14:25,294 INFO o.a.j.t.JMeterThread: Thread is done: Teacher session 1-180
2026-10-09 07:14:25,295 INFO o.a.j.t.JMeterThread: Thread finished: Teacher session 1-180
2026-10-09 07:14:25,419 INFO o.a.j.t.JMeterThread: Thread is done: Teacher session 1-181
2026-10-09 07:14:25,419 INFO o.a.j.t.JMeterThread: Thread finished: Teacher session 1-181
2026-10-09 07:14:25,465 INFO o.a.j.t.JMeterThread: Thread is done: Teacher session 1-182
2026-10-09 07:14:25,465 INFO o.a.j.t.JMeterThread: Thread finished: Teacher session 1-182
2026-10-09 07:14:25,608 INFO o.a.j.t.JMeterThread: Thread is done: Teacher session 1-183
2026-10-09 07:14:25,608 INFO o.a.j.t.JMeterThread: Thread finished: Teacher session 1-183
2026-10-09 07:14:25,674 INFO o.a.j.t.JMeterThread: Thread is done: Teacher session 1-184
2026-10-09 07:14:25,674 INFO o.a.j.t.JMeterThread: Thread finished: Teacher session 1-184
2026-10-09 07:14:25,674 INFO o.a.j.t.JMeterThread: Thread is done: Teacher session 1-185
2026-10-09 07:14:25,674 INFO o.a.j.t.JMeterThread: Thread finished: Teacher session 1-185
2026-10-09 07:14:25,701 INFO o.a.j.t.JMeterThread: Thread is done: Teacher session 1-186
2026-10-09 07:14:25,701 INFO o.a.j.t.JMeterThread: Thread finished: Teacher session 1-186
2026-10-09 07:14:25,822 INFO o.a.j.t.JMeterThread: Thread is done: Teacher session 1-187
2026-10-09 07:14:25,822 INFO o.a.j.t.JMeterThread: Thread finished: Teacher session 1-187
2026-10-09 07:14:25,850 INFO o.a.j.t.JMeterThread: Thread is done: Teacher session 1-188
2026-10-09 07:14:25,850 INFO o.a.j.t.JMeterThread: Thread finished: Teacher session 1-188
2026-10-09 07:14:25,941 INFO o.a.j.t.JMeterThread: Thread is done: Teacher session 1-190
2026-10-09 07:14:25,941 INFO o.a.j.t.JMeterThread: Thread finished: Teacher session 1-190
2026-10-09 07:14:25,941 INFO o.a.j.t.JMeterThread: Thread is done: Teacher session 1-189
2026-10-09 07:14:25,941 INFO o.a.j.t.JMeterThread: Thread finished: Teacher session 1-189
2026-10-09 07:14:25,974 INFO o.a.j.t.JMeterThread: Thread is done: Teacher session 1-191
2026-10-09 07:14:25,974 INFO o.a.j.t.JMeterThread: Thread finished: Teacher session 1-191
2026-10-09 07:14:26,029 INFO o.a.j.t.JMeterThread: Thread is done: Teacher session 1-192
2026-10-09 07:14:26,029 INFO o.a.j.t.JMeterThread: Thread finished: Teacher session 1-192
2026-10-09 07:14:26,063 INFO o.a.j.t.JMeterThread: Thread is done: Teacher session 1-193
2026-10-09 07:14:26,063 INFO o.a.j.t.JMeterThread: Thread finished: Teacher session 1-193
2026-10-09 07:14:26,063 INFO o.a.j.t.JMeterThread: Thread is done: Teacher session 1-194
2026-10-09 07:14:26,063 INFO o.a.j.t.JMeterThread: Thread finished: Teacher session 1-194
2026-10-09 07:14:26,134 INFO o.a.j.t.JMeterThread: Thread is done: Teacher session 1-195
2026-10-09 07:14:26,134 INFO o.a.j.t.JMeterThread: Thread finished: Teacher session 1-195
2026-10-09 07:14:26,134 INFO o.a.j.t.JMeterThread: Thread is done: Teacher session 1-196
2026-10-09 07:14:26,134 INFO o.a.j.t.JMeterThread: Thread finished: Teacher session 1-196
2026-10-09 07:14:26,151 INFO o.a.j.t.JMeterThread: Thread is done: Teacher session 1-197
2026-10-09 07:14:26,151 INFO o.a.j.t.JMeterThread: Thread finished: Teacher session 1-197
2026-10-09 07:14:26,173 INFO o.a.j.t.JMeterThread: Thread is done: Teacher session 1-198
2026-10-09 07:14:26,173 INFO o.a.j.t.JMeterThread: Thread finished: Teacher session 1-198
2026-10-09 07:14:26,791 INFO o.a.j.t.JMeterThread: Thread is done: Teacher session 1-199
2026-10-09 07:14:26,791 INFO o.a.j.t.JMeterThread: Thread finished: Teacher session 1-199
2026-10-09 07:14:26,807 INFO o.a.j.t.JMeterThread: Thread is done: Teacher session 1-200
2026-10-09 07:14:26,807 INFO o.a.j.t.JMeterThread: Thread finished: Teacher session 1-200
2026-10-09 07:14:26,807 INFO o.a.j.e.StandardJMeterEngine: Notifying test listeners of end of test
2026-10-09 07:14:26,807 INFO o.a.j.r.Summariser: summary +  11844 in 00:00:27 =  442.0/s Avg:   179 Min:     0 Max: 14405 Err:     0 (0.00%) Active: 0 Started: 200 Finished: 200
2026-10-09 07:14:26,807 INFO o.a.j.r.Summariser: summary = 100000 in 00:02:58 =  563.0/s Avg:   274 Min:     0 Max: 27243 Err:     0 (0.00%)
2026-10-09 07:14:26,808 INFO o.a.j.JMeter: Generating Dashboard
2026-10-09 07:14:26,808 INFO o.a.j.r.d.ReportGenerator: Flushing result collector before report Generation
2026-10-09 07:14:26,812 INFO o.a.j.r.p.NormalizerSampleConsumer: Using format, 'ms', to parse timeStamp field
2026-10-09 07:14:27,512 INFO o.a.j.r.p.AbstractSampleConsumer: class org.apache.jmeter.report.processor.AggregateConsumer#stopProducing(): beginDate produced 0 samples
2026-10-09 07:14:27,512 INFO o.a.j.r.p.AbstractSampleConsumer: class org.apache.jmeter.report.processor.AggregateConsumer#stopProducing(): endDate produced 0 samples
2026-10-09 07:14:27,513 INFO o.a.j.r.p.AbstractSampleConsumer: class org.apache.jmeter.report.processor.ApdexSummaryConsumer#stopProducing(): apdexSummary produced 0 samples
2026-10-09 07:14:27,513 INFO o.a.j.r.p.AbstractSampleConsumer: class org.apache.jmeter.report.processor.RequestsSummaryConsumer#stopProducing(): requestsSummary produced 0 samples
2026-10-09 07:14:27,525 INFO o.a.j.r.p.AbstractSampleConsumer: class org.apache.jmeter.report.processor.StatisticsSummaryConsumer#stopProducing(): statisticsSummary produced 0 samples
2026-10-09 07:14:27,526 INFO o.a.j.r.p.AbstractSampleConsumer: class org.apache.jmeter.report.processor.Top5ErrorsBySamplerConsumer#stopProducing(): top5ErrorsBySampler produced 0 samples
2026-10-09 07:14:27,526 INFO o.a.j.r.p.AbstractSampleConsumer: class org.apache.jmeter.report.processor.ErrorsSummaryConsumer#stopProducing(): errorsSummary produced 0 samples
2026-10-09 07:14:27,526 INFO o.a.j.r.p.AbstractSampleConsumer: class org.apache.jmeter.report.processor.graph.impl.HitsPerSecondGraphConsumer#stopProducing(): hitsPerSecond produced 0 samples
2026-10-09 07:14:27,884 INFO o.a.j.r.p.AbstractSampleConsumer: class org.apache.jmeter.report.processor.graph.impl.LatencyVSRequestGraphConsumer#stopProducing(): latencyVsRequest produced 0 samples
2026-10-09 07:14:27,885 INFO o.a.j.r.p.AbstractSampleConsumer: class org.apache.jmeter.report.processor.graph.impl.SyntheticResponseTimeDistributionGraphConsumer#stopProducing(): syntheticResponseTimeDistribution produced 0 samples
2026-10-09 07:14:27,885 INFO o.a.j.r.p.AbstractSampleConsumer: class org.apache.jmeter.report.processor.graph.impl.BytesThroughputGraphConsumer#stopProducing(): bytesThroughputOverTime produced 0 samples
2026-10-09 07:14:27,885 INFO o.a.j.r.p.AbstractSampleConsumer: class org.apache.jmeter.report.processor.graph.impl.CodesPerSecondGraphConsumer#stopProducing(): codesPerSecond produced 0 samples
2026-10-09 07:14:28,220 INFO o.a.j.r.p.AbstractSampleConsumer: class org.apache.jmeter.report.processor.graph.impl.ResponseTimeVSRequestGraphConsumer#stopProducing(): responseTimeVsRequest produced 0 samples
2026-10-09 07:14:28,221 INFO o.a.j.r.p.AbstractSampleConsumer: class org.apache.jmeter.report.processor.FilterConsumer#stopProducing(): startIntervalControlerFilter produced 700000 samples
2026-10-09 07:14:28,221 INFO o.a.j.r.p.AbstractSampleConsumer: class org.apache.jmeter.report.processor.graph.impl.TotalTPSGraphConsumer#stopProducing(): totalTPS produced 0 samples
2026-10-09 07:14:28,221 INFO o.a.j.r.p.AbstractSampleConsumer: class org.apache.jmeter.report.processor.graph.impl.ActiveThreadsGraphConsumer#stopProducing(): activeThreadsOverTime produced 0 samples
2026-10-09 07:14:28,221 INFO o.a.j.r.p.AbstractSampleConsumer: class org.apache.jmeter.report.processor.graph.impl.TimeVSThreadGraphConsumer#stopProducing(): timeVsThreads produced 0 samples
2026-10-09 07:14:28,222 INFO o.a.j.r.p.AbstractSampleConsumer: class org.apache.jmeter.report.processor.graph.impl.ResponseTimeDistributionGraphConsumer#stopProducing(): responseTimeDistribution produced 0 samples
2026-10-09 07:14:28,222 INFO o.a.j.r.p.AbstractSampleConsumer: class org.apache.jmeter.report.processor.graph.impl.TransactionsPerSecondGraphConsumer#stopProducing(): transactionsPerSecond produced 0 samples
2026-10-09 07:14:28,222 INFO o.a.j.r.p.AbstractSampleConsumer: class org.apache.jmeter.report.processor.graph.impl.ResponseTimePercentilesGraphConsumer#stopProducing(): responseTimePercentiles produced 0 samples
2026-10-09 07:14:28,224 INFO o.a.j.r.p.AbstractSampleConsumer: class org.apache.jmeter.report.processor.graph.impl.ResponseTimePercentilesOverTimeGraphConsumer#stopProducing(): responseTimePercentilesOverTime produced 0 samples
2026-10-09 07:14:28,225 INFO o.a.j.r.p.AbstractSampleConsumer: class org.apache.jmeter.report.processor.graph.impl.ResponseTimeOverTimeGraphConsumer#stopProducing(): responseTimesOverTime produced 0 samples
2026-10-09 07:14:28,225 INFO o.a.j.r.p.AbstractSampleConsumer: class org.apache.jmeter.report.processor.graph.impl.ConnectTimeOverTimeGraphConsumer#stopProducing(): connectTimeOverTime produced 0 samples
2026-10-09 07:14:28,225 INFO o.a.j.r.p.AbstractSampleConsumer: class org.apache.jmeter.report.processor.graph.impl.LatencyOverTimeGraphConsumer#stopProducing(): latenciesOverTime produced 0 samples
2026-10-09 07:14:28,225 INFO o.a.j.r.p.AbstractSampleConsumer: class org.apache.jmeter.report.processor.FilterConsumer#stopProducing(): nameFilter produced 1500000 samples
2026-10-09 07:14:28,225 INFO o.a.j.r.p.AbstractSampleConsumer: class org.apache.jmeter.report.processor.FilterConsumer#stopProducing(): dateRangeFilter produced 300000 samples
2026-10-09 07:14:28,225 INFO o.a.j.r.p.AbstractSampleConsumer: class org.apache.jmeter.report.processor.NormalizerSampleConsumer#stopProducing(): normalizer produced 100000 samples
2026-10-09 07:14:28,226 INFO o.a.j.r.p.CsvFileSampleSource: produce(): 100000 samples produced in 1s 405 ms on channel 0
2026-10-09 07:14:28,226 INFO o.a.j.r.d.ReportGenerator: Exporting data using exporter:'json' of className:'org.apache.jmeter.report.dashboard.JsonExporter'
2026-10-09 07:14:28,253 INFO o.a.j.r.d.JsonExporter: Found data for consumer statisticsSummary in context
2026-10-09 07:14:28,253 INFO o.a.j.r.d.JsonExporter: Creating statistics for overall
2026-10-09 07:14:28,253 INFO o.a.j.r.d.JsonExporter: Creating statistics for other transactions
2026-10-09 07:14:28,253 INFO o.a.j.r.d.JsonExporter: Checking output folder
2026-10-09 07:14:28,253 INFO o.a.j.r.d.JsonExporter: Writing statistics JSON to /home/trepid4tion/git/StudyMateCampus_/CSE3CWA/CSE3CWA_Phonem_Trainer/jmeter/results/x10000-report/statistics.json
2026-10-09 07:14:28,268 INFO o.a.j.r.d.ReportGenerator: Exporting data using exporter:'html' of className:'org.apache.jmeter.report.dashboard.HtmlTemplateExporter'
2026-10-09 07:14:28,269 INFO o.a.j.r.d.HtmlTemplateExporter: Will generate dashboard in folder: /home/trepid4tion/git/StudyMateCampus_/CSE3CWA/CSE3CWA_Phonem_Trainer/jmeter/results/x10000-report
2026-10-09 07:14:28,315 INFO o.a.j.r.d.HtmlTemplateExporter: Report will be generated in: /home/trepid4tion/git/StudyMateCampus_/CSE3CWA/CSE3CWA_Phonem_Trainer/jmeter/results/x10000-report, creating folder structure
2026-10-09 07:14:28,316 INFO o.a.j.r.d.TemplateVisitor: Copying folder from '/home/trepid4tion/apache-jmeter-5.6.3/bin/report-template' to '/home/trepid4tion/git/StudyMateCampus_/CSE3CWA/CSE3CWA_Phonem_Trainer/jmeter/results/x10000-report', got message: /home/trepid4tion/git/StudyMateCampus_/CSE3CWA/CSE3CWA_Phonem_Trainer/jmeter/results/x10000-report, found non empty folder with following content [/home/trepid4tion/git/StudyMateCampus_/CSE3CWA/CSE3CWA_Phonem_Trainer/jmeter/results/x10000-report/statistics.json], will be ignored
2026-10-09 07:14:28,384 INFO o.a.j.JMeter: Dashboard generated
